[ui-themez.smartinnovates.net/items/geekfolio/dark/home-onepage.html]
[backblue.gif]
[fade.gif]
[index.html]
[ui-themez.smartinnovates.net/items/geekfolio/dark/assets/imgs/favicon.ico]
[ui-themez.smartinnovates.net/items/geekfolio/dark/assets/css/plugins.css]
[ui-themez.smartinnovates.net/items/geekfolio/dark/assets/css/style.css]
[ui-themez.smartinnovates.net/items/geekfolio/dark/assets/css/base.css]
[ui-themez.smartinnovates.net/items/geekfolio/dark/assets/imgs/logo-light.png]
[ui-themez.smartinnovates.net/items/geekfolio/dark/home-main.html]
[ui-themez.smartinnovates.net/items/geekfolio/dark/home-corporate.html]
[ui-themez.smartinnovates.net/items/geekfolio/dark/home-digital-agency.html]
[ui-themez.smartinnovates.net/items/geekfolio/dark/home-freelancer.html]
[ui-themez.smartinnovates.net/items/geekfolio/dark/home-marketing-agency.html]
[ui-themez.smartinnovates.net/items/geekfolio/dark/home-creative-agency.html]
[ui-themez.smartinnovates.net/items/geekfolio/dark/home-startup.html]
[ui-themez.smartinnovates.net/items/geekfolio/dark/home-architecture.html]
[ui-themez.smartinnovates.net/items/geekfolio/dark/showcase-parallax-slider.html]
[ui-themez.smartinnovates.net/items/geekfolio/dark/showcase-frame-slider.html]
[ui-themez.smartinnovates.net/items/geekfolio/dark/showcase-circle-slider.html]
[ui-themez.smartinnovates.net/items/geekfolio/dark/showcase-carousel.html]
[ui-themez.smartinnovates.net/items/geekfolio/dark/showcase-interactive-center-horizontal.html]
[ui-themez.smartinnovates.net/items/geekfolio/dark/showcase-interactive-center.html]
[ui-themez.smartinnovates.net/items/geekfolio/dark/showcase-parallax.html]
[ui-themez.smartinnovates.net/items/geekfolio/dark/page-about.html]
[ui-themez.smartinnovates.net/items/geekfolio/dark/page-services.html]
[ui-themez.smartinnovates.net/items/geekfolio/dark/page-team.html]
[ui-themez.smartinnovates.net/items/geekfolio/dark/page-contact.html]
[ui-themez.smartinnovates.net/items/geekfolio/dark/portfolio-grid-2.html]
[ui-themez.smartinnovates.net/items/geekfolio/dark/portfolio-grid-3.html]
[ui-themez.smartinnovates.net/items/geekfolio/dark/portfolio-grid-4.html]
[ui-themez.smartinnovates.net/items/geekfolio/dark/portfolio-masonry-2.html]
[ui-themez.smartinnovates.net/items/geekfolio/dark/portfolio-masonry-3.html]
[ui-themez.smartinnovates.net/items/geekfolio/dark/portfolio-masonry-4.html]
[ui-themez.smartinnovates.net/items/geekfolio/dark/portfolio-metro.html]
[ui-themez.smartinnovates.net/items/geekfolio/dark/portfolio-modern.html]
[ui-themez.smartinnovates.net/items/geekfolio/dark/project-details1.html]
[ui-themez.smartinnovates.net/items/geekfolio/dark/project-details2.html]
[ui-themez.smartinnovates.net/items/geekfolio/dark/blog-classic.html]
[ui-themez.smartinnovates.net/items/geekfolio/dark/blog-list.html]
[ui-themez.smartinnovates.net/items/geekfolio/dark/blog-half-img.html]
[ui-themez.smartinnovates.net/items/geekfolio/dark/blog-details.html]
[ui-themez.smartinnovates.net/items/geekfolio/dark/shop-list.html]
[ui-themez.smartinnovates.net/items/geekfolio/dark/shop-product.html]
[ui-themez.smartinnovates.net/items/geekfolio/dark/shop-cart.html]
[ui-themez.smartinnovates.net/items/geekfolio/dark/shop-checkout.html]
[ui-themez.smartinnovates.net/items/geekfolio/dark/portfolio-grid.html]
[ui-themez.smartinnovates.net/items/geekfolio/dark/assets/imgs/about/2.jpg]
[ui-themez.smartinnovates.net/items/geekfolio/dark/assets/imgs/serv-icons/0.png]
[ui-themez.smartinnovates.net/items/geekfolio/dark/assets/imgs/serv-icons/1.png]
[ui-themez.smartinnovates.net/items/geekfolio/dark/assets/imgs/serv-icons/2.png]
[ui-themez.smartinnovates.net/items/geekfolio/dark/assets/imgs/patterns/bg-lines-1.svg]
[ui-themez.smartinnovates.net/items/geekfolio/dark/assets/imgs/portfolio/gallery/1.jpg]
[ui-themez.smartinnovates.net/items/geekfolio/dark/assets/imgs/portfolio/gallery/2.jpg]
[ui-themez.smartinnovates.net/items/geekfolio/dark/assets/imgs/portfolio/gallery/3.jpg]
[ui-themez.smartinnovates.net/items/geekfolio/dark/assets/imgs/about/sq1.jpg]
[ui-themez.smartinnovates.net/items/geekfolio/dark/assets/imgs/about/sq2.jpg]
[ui-themez.smartinnovates.net/items/geekfolio/dark/assets/imgs/testim/1.jpg]
[ui-themez.smartinnovates.net/items/geekfolio/dark/assets/imgs/testim/2.jpg]
[ui-themez.smartinnovates.net/items/geekfolio/dark/assets/imgs/testim/3.jpg]
[ui-themez.smartinnovates.net/items/geekfolio/dark/assets/imgs/testim/4.jpg]
[ui-themez.smartinnovates.net/items/geekfolio/dark/assets/imgs/brands/1.png]
[ui-themez.smartinnovates.net/items/geekfolio/dark/assets/imgs/brands/2.png]
[ui-themez.smartinnovates.net/items/geekfolio/dark/assets/imgs/brands/3.png]
[ui-themez.smartinnovates.net/items/geekfolio/dark/assets/imgs/brands/4.png]
[ui-themez.smartinnovates.net/items/geekfolio/dark/assets/imgs/brands/5.png]
[ui-themez.smartinnovates.net/items/geekfolio/dark/assets/imgs/patterns/noise.png]
[ui-themez.smartinnovates.net/items/geekfolio/dark/assets/imgs/background/13.jpg]
[ui-themez.smartinnovates.net/items/geekfolio/dark/assets/imgs/team/t1.jpg]
[ui-themez.smartinnovates.net/items/geekfolio/dark/assets/imgs/team/t2.jpg]
[ui-themez.smartinnovates.net/items/geekfolio/dark/assets/imgs/team/t3.jpg]
[ui-themez.smartinnovates.net/items/geekfolio/dark/assets/imgs/team/t4.jpg]
[ui-themez.smartinnovates.net/items/geekfolio/dark/assets/imgs/blog/author1.jpg]
[ui-themez.smartinnovates.net/items/geekfolio/dark/assets/imgs/blog/b1.jpg]
[ui-themez.smartinnovates.net/items/geekfolio/dark/assets/imgs/blog/b2.jpg]
[ui-themez.smartinnovates.net/items/geekfolio/dark/assets/imgs/blog/b3.jpg]
[ui-themez.smartinnovates.net/items/geekfolio/dark/assets/js/jquery-3.6.0.min.js]
[ui-themez.smartinnovates.net/items/geekfolio/dark/assets/js/jquery-migrate-3.4.0.min.js]
[ui-themez.smartinnovates.net/items/geekfolio/dark/assets/js/ScrollTrigger.min.js]
[ui-themez.smartinnovates.net/items/geekfolio/dark/assets/js/plugins.js]
[ui-themez.smartinnovates.net/items/geekfolio/dark/home-onepage.html]
[ui-themez.smartinnovates.net/items/geekfolio/dark/assets/js/scripts.js]
[ui-themez.smartinnovates.net/items/geekfolio/dark/assets/css/plugins/bootstrap.min.css]
[ui-themez.smartinnovates.net/items/geekfolio/dark/assets/css/plugins/animate.min.css]
[ui-themez.smartinnovates.net/items/geekfolio/dark/assets/css/plugins/ionicons.min.css]
[ui-themez.smartinnovates.net/items/geekfolio/dark/assets/css/plugins/pe-icon-7-stroke.css]
[ui-themez.smartinnovates.net/items/geekfolio/dark/assets/css/plugins/fontawesome-all.min.css]
[ui-themez.smartinnovates.net/items/geekfolio/dark/assets/css/plugins/justifiedGallery.min.css]
[ui-themez.smartinnovates.net/items/geekfolio/dark/assets/css/plugins/magnific-popup.css]
[ui-themez.smartinnovates.net/items/geekfolio/dark/assets/css/plugins/YouTubePopUp.css]
[ui-themez.smartinnovates.net/items/geekfolio/dark/assets/css/plugins/slick.css]
[ui-themez.smartinnovates.net/items/geekfolio/dark/assets/css/plugins/slick-theme.css]
[ui-themez.smartinnovates.net/items/geekfolio/dark/assets/css/plugins.css]
[ui-themez.smartinnovates.net/items/geekfolio/dark/assets/css/plugins/swiper.min.css]
[ui-themez.smartinnovates.net/items/geekfolio/dark/assets/imgs/patterns/dots2.png]
[ui-themez.smartinnovates.net/items/geekfolio/dark/assets/imgs/patterns/bg-pattern.png]
[ui-themez.smartinnovates.net/items/geekfolio/dark/assets/imgs/svg-assets/left-quote.png]
[ui-themez.smartinnovates.net/items/geekfolio/dark/assets/css/style.css]
[ui-themez.smartinnovates.net/items/geekfolio/dark/assets/css/base.css]
[ui-themez.smartinnovates.net/items/geekfolio/dark/assets/imgs/background/14.jpg]
[ui-themez.smartinnovates.net/items/geekfolio/dark/assets/imgs/patterns/graph.png]
[ui-themez.smartinnovates.net/items/geekfolio/dark/assets/imgs/about/01.jpg]
[ui-themez.smartinnovates.net/items/geekfolio/dark/assets/imgs/about/1.jpg]
[ui-themez.smartinnovates.net/items/geekfolio/dark/assets/imgs/brands/02.png]
[ui-themez.smartinnovates.net/items/geekfolio/dark/assets/imgs/brands/03.png]
[ui-themez.smartinnovates.net/items/geekfolio/dark/assets/imgs/brands/04.png]
[ui-themez.smartinnovates.net/items/geekfolio/dark/assets/imgs/brands/05.png]
[ui-themez.smartinnovates.net/items/geekfolio/dark/assets/imgs/portfolio/4/01.jpg]
[ui-themez.smartinnovates.net/items/geekfolio/dark/assets/imgs/portfolio/4/02.jpg]
[ui-themez.smartinnovates.net/items/geekfolio/dark/assets/imgs/portfolio/4/03.jpg]
[ui-themez.smartinnovates.net/items/geekfolio/dark/assets/imgs/portfolio/4/04.jpg]
[ui-themez.smartinnovates.net/items/geekfolio/dark/assets/imgs/portfolio/4/05.jpg]
[ui-themez.smartinnovates.net/items/geekfolio/dark/assets/imgs/portfolio/4/06.jpg]
[ui-themez.smartinnovates.net/items/geekfolio/dark/assets/imgs/sass-img/serv/4.jpg]
[ui-themez.smartinnovates.net/items/geekfolio/dark/assets/imgs/patterns/abstact-BG.png]
[ui-themez.smartinnovates.net/items/geekfolio/dark/assets/imgs/sass-img/serv/2.jpg]
[ui-themez.smartinnovates.net/items/geekfolio/dark/assets/imgs/sass-img/serv/3.jpg]
[ui-themez.smartinnovates.net/items/geekfolio/dark/assets/imgs/sass-img/serv/1.jpg]
[ui-themez.smartinnovates.net/items/geekfolio/dark/assets/imgs/svg-assets/quote.png]
[ui-themez.smartinnovates.net/items/geekfolio/dark/assets/imgs/blog/h1.jpg]
[ui-themez.smartinnovates.net/items/geekfolio/dark/assets/imgs/blog/h4.jpg]
[ui-themez.smartinnovates.net/items/geekfolio/dark/assets/js/gsap.min.js]
[ui-themez.smartinnovates.net/items/geekfolio/dark/assets/js/ScrollSmoother.min.js]
[ui-themez.smartinnovates.net/items/geekfolio/dark/assets/js/hscroll.js]
[ui-themez.smartinnovates.net/items/geekfolio/dark/home-main.html]
[ui-themez.smartinnovates.net/items/geekfolio/dark/assets/js/smoother-script.js]
[ui-themez.smartinnovates.net/items/geekfolio/dark/assets/imgs/background/17.jpg]
[ui-themez.smartinnovates.net/items/geekfolio/dark/assets/imgs/background/19.jpg]
[ui-themez.smartinnovates.net/items/geekfolio/dark/assets/imgs/portfolio/3/1.jpg]
[ui-themez.smartinnovates.net/items/geekfolio/dark/assets/imgs/portfolio/3/2.jpg]
[ui-themez.smartinnovates.net/items/geekfolio/dark/assets/imgs/portfolio/3/3.jpg]
[ui-themez.smartinnovates.net/items/geekfolio/dark/assets/imgs/testim/01.png]
[ui-themez.smartinnovates.net/items/geekfolio/dark/assets/imgs/patterns/dots.png]
[ui-themez.smartinnovates.net/items/geekfolio/dark/assets/imgs/brands/06.png]
[ui-themez.smartinnovates.net/items/geekfolio/dark/home-corporate.html]
[ui-themez.smartinnovates.net/items/geekfolio/dark/assets/imgs/patterns/1.svg]
[ui-themez.smartinnovates.net/items/geekfolio/dark/assets/imgs/sass-img/header1.png]
[ui-themez.smartinnovates.net/items/geekfolio/dark/assets/imgs/sass-img/a1.png]
[ui-themez.smartinnovates.net/items/geekfolio/dark/assets/imgs/sass-img/shap1.png]
[ui-themez.smartinnovates.net/items/geekfolio/dark/assets/imgs/sass-img/shap2.png]
[ui-themez.smartinnovates.net/items/geekfolio/dark/assets/imgs/sass-img/work/1.jpg]
[ui-themez.smartinnovates.net/items/geekfolio/dark/assets/imgs/sass-img/work/2.jpg]
[ui-themez.smartinnovates.net/items/geekfolio/dark/assets/imgs/sass-img/work/3.jpg]
[ui-themez.smartinnovates.net/items/geekfolio/dark/assets/imgs/sass-img/work/4.jpg]
[ui-themez.smartinnovates.net/items/geekfolio/dark/assets/imgs/sass-img/work/5.jpg]
[ui-themez.smartinnovates.net/items/geekfolio/dark/assets/imgs/sass-img/blog/2.jpg]
[ui-themez.smartinnovates.net/items/geekfolio/dark/home-digital-agency.html]
[ui-themez.smartinnovates.net/items/geekfolio/dark/assets/imgs/svg-assets/hi.png]
[ui-themez.smartinnovates.net/items/geekfolio/dark/portfolio-classic-grid.html]
[ui-themez.smartinnovates.net/items/geekfolio/dark/assets/imgs/svg-assets/circle-star.svg]
[ui-themez.smartinnovates.net/items/geekfolio/dark/assets/imgs/freelancer/h2.png]
[ui-themez.smartinnovates.net/items/geekfolio/dark/assets/imgs/svg-assets/star-shape.png]
[ui-themez.smartinnovates.net/items/geekfolio/dark/assets/imgs/freelancer/works/1.jpg]
[ui-themez.smartinnovates.net/items/geekfolio/dark/assets/imgs/freelancer/works/2.jpg]
[ui-themez.smartinnovates.net/items/geekfolio/dark/assets/imgs/freelancer/works/3.jpg]
[ui-themez.smartinnovates.net/items/geekfolio/dark/assets/imgs/freelancer/works/4.jpg]
[ui-themez.smartinnovates.net/items/geekfolio/dark/assets/imgs/freelancer/works/5.jpg]
[ui-themez.smartinnovates.net/items/geekfolio/dark/assets/imgs/freelancer/skills/figma.png]
[ui-themez.smartinnovates.net/items/geekfolio/dark/assets/imgs/freelancer/skills/wordpress.png]
[ui-themez.smartinnovates.net/items/geekfolio/dark/assets/imgs/freelancer/skills/angular.png]
[ui-themez.smartinnovates.net/items/geekfolio/dark/assets/imgs/freelancer/skills/webflow.png]
[ui-themez.smartinnovates.net/items/geekfolio/dark/home-freelancer.html]
[ui-themez.smartinnovates.net/items/geekfolio/dark/assets/imgs/about/v1.jpg]
[ui-themez.smartinnovates.net/items/geekfolio/dark/blog-post.html]
[ui-themez.smartinnovates.net/items/geekfolio/dark/assets/imgs/blog/h2.jpg]
[ui-themez.smartinnovates.net/items/geekfolio/dark/assets/imgs/blog/h3.jpg]
[ui-themez.smartinnovates.net/items/geekfolio/dark/assets/js/imgReveal/charming.min.js]
[ui-themez.smartinnovates.net/items/geekfolio/dark/assets/js/imgReveal/imagesloaded.pkgd.min.js]
[ui-themez.smartinnovates.net/items/geekfolio/dark/assets/js/imgReveal/TweenMax.min.js]
[ui-themez.smartinnovates.net/items/geekfolio/dark/home-marketing-agency.html]
[ui-themez.smartinnovates.net/items/geekfolio/dark/assets/js/imgReveal/demo.js]
[ui-themez.smartinnovates.net/items/geekfolio/dark/assets/imgs/svg-assets/claw.svg]
[ui-themez.smartinnovates.net/items/geekfolio/dark/assets/imgs/header/c1.jpg]
[ui-themez.smartinnovates.net/items/geekfolio/dark/assets/imgs/header/c2.jpg]
[ui-themez.smartinnovates.net/items/geekfolio/dark/assets/imgs/portfolio/2/1.jpg]
[ui-themez.smartinnovates.net/items/geekfolio/dark/assets/imgs/portfolio/2/2.jpg]
[ui-themez.smartinnovates.net/items/geekfolio/dark/assets/imgs/portfolio/2/4.jpg]
[ui-themez.smartinnovates.net/items/geekfolio/dark/assets/imgs/svg-assets/arrow-right-top.svg]
[ui-themez.smartinnovates.net/items/geekfolio/dark/assets/imgs/team/1.jpg]
[ui-themez.smartinnovates.net/items/geekfolio/dark/assets/imgs/team/2.jpg]
[ui-themez.smartinnovates.net/items/geekfolio/dark/assets/imgs/team/3.jpg]
[ui-themez.smartinnovates.net/items/geekfolio/dark/assets/imgs/svg-assets/star.png]
[ui-themez.smartinnovates.net/items/geekfolio/dark/home-creative-agency.html]
[ui-themez.smartinnovates.net/items/geekfolio/dark/assets/js/parallax.min.js]
[ui-themez.smartinnovates.net/items/geekfolio/dark/assets/imgs/svg-assets/patern-bg.png]
[ui-themez.smartinnovates.net/items/geekfolio/dark/assets/imgs/serv-icons/01-dark.svg]
[ui-themez.smartinnovates.net/items/geekfolio/dark/assets/imgs/serv-icons/02-dark.svg]
[ui-themez.smartinnovates.net/items/geekfolio/dark/assets/imgs/serv-icons/03-dark.svg]
[ui-themez.smartinnovates.net/items/geekfolio/dark/assets/imgs/serv-icons/04-dark.svg]
[ui-themez.smartinnovates.net/items/geekfolio/dark/assets/imgs/team/4.jpg]
[ui-themez.smartinnovates.net/items/geekfolio/dark/assets/imgs/patterns/pattern.svg]
[ui-themez.smartinnovates.net/items/geekfolio/dark/assets/imgs/background/2.jpg]
[ui-themez.smartinnovates.net/items/geekfolio/dark/home-startup.html]
[ui-themez.smartinnovates.net/items/geekfolio/dark/assets/js/metro-scroll.js]
[ui-themez.smartinnovates.net/items/geekfolio/dark/assets/imgs/arch/slid/3.jpg]
[ui-themez.smartinnovates.net/items/geekfolio/dark/assets/imgs/arch/slid/2.jpg]
[ui-themez.smartinnovates.net/items/geekfolio/dark/assets/imgs/arch/slid/1.jpg]
[ui-themez.smartinnovates.net/items/geekfolio/dark/assets/imgs/arch/intro/1.jpg]
[ui-themez.smartinnovates.net/items/geekfolio/dark/assets/imgs/arch/intro/2.jpg]
[ui-themez.smartinnovates.net/items/geekfolio/dark/assets/imgs/arch/works/1.jpg]
[ui-themez.smartinnovates.net/items/geekfolio/dark/assets/imgs/arch/works/3.jpg]
[ui-themez.smartinnovates.net/items/geekfolio/dark/assets/imgs/arch/works/2.jpg]
[ui-themez.smartinnovates.net/items/geekfolio/dark/assets/imgs/arch/works/4.jpg]
[ui-themez.smartinnovates.net/items/geekfolio/dark/assets/imgs/arch/intro/sq1.jpg]
[ui-themez.smartinnovates.net/items/geekfolio/dark/assets/imgs/arch/intro/sq2.jpg]
[ui-themez.smartinnovates.net/items/geekfolio/dark/assets/imgs/arch/blog/1.jpg]
[ui-themez.smartinnovates.net/items/geekfolio/dark/assets/imgs/arch/blog/2.jpg]
[ui-themez.smartinnovates.net/items/geekfolio/dark/home-architecture.html]
[ui-themez.smartinnovates.net/items/geekfolio/dark/showcase-parallax-slider.html]
[ui-themez.smartinnovates.net/items/geekfolio/dark/showcase/assets/css/showcases.css]
[ui-themez.smartinnovates.net/items/geekfolio/dark/showcase/assets/js/imagesloaded.pkgd.min.js]
[ui-themez.smartinnovates.net/items/geekfolio/dark/showcase/assets/js/anime.min.js]
[ui-themez.smartinnovates.net/items/geekfolio/dark/showcase-frame-slider.html]
[ui-themez.smartinnovates.net/items/geekfolio/dark/showcase/assets/js/demo.js]
[ui-themez.smartinnovates.net/items/geekfolio/dark/showcase-circle-slider.html]
[ui-themez.smartinnovates.net/items/geekfolio/dark/showcase/assets/js/showcase1.js]
[ui-themez.smartinnovates.net/items/geekfolio/dark/assets/imgs/works/grid2/6.jpg]
[ui-themez.smartinnovates.net/items/geekfolio/dark/assets/imgs/works/grid2/2.jpg]
[ui-themez.smartinnovates.net/items/geekfolio/dark/assets/imgs/works/grid2/3.jpg]
[ui-themez.smartinnovates.net/items/geekfolio/dark/assets/imgs/works/grid2/4.jpg]
[ui-themez.smartinnovates.net/items/geekfolio/dark/assets/imgs/works/grid2/5.jpg]
[ui-themez.smartinnovates.net/items/geekfolio/dark/showcase-carousel.html]
[ui-themez.smartinnovates.net/items/geekfolio/dark/assets/imgs/works/full/1.jpg]
[ui-themez.smartinnovates.net/items/geekfolio/dark/assets/imgs/works/full/2.jpg]
[ui-themez.smartinnovates.net/items/geekfolio/dark/assets/imgs/works/full/3.jpg]
[ui-themez.smartinnovates.net/items/geekfolio/dark/assets/imgs/works/full/4.jpg]
[ui-themez.smartinnovates.net/items/geekfolio/dark/showcase-interactive-center-horizontal.html]
[ui-themez.smartinnovates.net/items/geekfolio/dark/showcase-interactive-center.html]
[ui-themez.smartinnovates.net/items/geekfolio/dark/showcase-parallax.html]
[ui-themez.smartinnovates.net/items/geekfolio/dark/page-about.html]
[ui-themez.smartinnovates.net/items/geekfolio/dark/page-services.html]
[ui-themez.smartinnovates.net/items/geekfolio/dark/page-team.html]
[ui-themez.smartinnovates.net/items/geekfolio/dark/page-contact.html]
[ui-themez.smartinnovates.net/items/geekfolio/dark/assets/imgs/works/grid2/1.jpg]
[ui-themez.smartinnovates.net/items/geekfolio/dark/portfolio-grid-2.html]
[ui-themez.smartinnovates.net/items/geekfolio/dark/assets/imgs/works/grid2/7.jpg]
[ui-themez.smartinnovates.net/items/geekfolio/dark/assets/imgs/works/grid2/8.jpg]
[ui-themez.smartinnovates.net/items/geekfolio/dark/assets/imgs/works/grid2/9.jpg]
[ui-themez.smartinnovates.net/items/geekfolio/dark/portfolio-grid-3.html]
[ui-themez.smartinnovates.net/items/geekfolio/dark/portfolio-grid-4.html]
[ui-themez.smartinnovates.net/items/geekfolio/dark/assets/imgs/works/grid2/v1.jpg]
[ui-themez.smartinnovates.net/items/geekfolio/dark/assets/imgs/works/grid2/v2.jpg]
[ui-themez.smartinnovates.net/items/geekfolio/dark/assets/imgs/works/grid2/v3.jpg]
[ui-themez.smartinnovates.net/items/geekfolio/dark/portfolio-masonry-2.html]
[ui-themez.smartinnovates.net/items/geekfolio/dark/assets/imgs/works/grid2/v4.jpg]
[ui-themez.smartinnovates.net/items/geekfolio/dark/portfolio-masonry-3.html]
[ui-themez.smartinnovates.net/items/geekfolio/dark/portfolio-masonry-4.html]
[ui-themez.smartinnovates.net/items/geekfolio/dark/assets/imgs/works/grid/1.jpg]
[ui-themez.smartinnovates.net/items/geekfolio/dark/assets/imgs/works/grid/10.jpg]
[ui-themez.smartinnovates.net/items/geekfolio/dark/assets/imgs/works/grid/3.jpg]
[ui-themez.smartinnovates.net/items/geekfolio/dark/assets/imgs/works/grid/4.jpg]
[ui-themez.smartinnovates.net/items/geekfolio/dark/assets/imgs/works/grid/6.jpg]
[ui-themez.smartinnovates.net/items/geekfolio/dark/assets/imgs/works/grid/5.jpg]
[ui-themez.smartinnovates.net/items/geekfolio/dark/assets/imgs/works/grid/7.jpg]
[ui-themez.smartinnovates.net/items/geekfolio/dark/assets/imgs/works/grid/8.jpg]
[ui-themez.smartinnovates.net/items/geekfolio/dark/portfolio-metro.html]
[ui-themez.smartinnovates.net/items/geekfolio/dark/assets/imgs/portfolio/2/5.jpg]
[ui-themez.smartinnovates.net/items/geekfolio/dark/assets/imgs/portfolio/2/6.jpg]
[ui-themez.smartinnovates.net/items/geekfolio/dark/portfolio-modern.html]
[ui-themez.smartinnovates.net/items/geekfolio/dark/assets/imgs/works/projects/1/1.jpg]
[ui-themez.smartinnovates.net/items/geekfolio/dark/assets/imgs/works/projects/1/2.jpg]
[ui-themez.smartinnovates.net/items/geekfolio/dark/assets/imgs/works/projects/1/3.jpg]
[ui-themez.smartinnovates.net/items/geekfolio/dark/assets/imgs/works/projects/1/4.jpg]
[ui-themez.smartinnovates.net/items/geekfolio/dark/assets/imgs/works/projects/1/5.jpg]
[ui-themez.smartinnovates.net/items/geekfolio/dark/assets/imgs/works/projects/2/1.jpg]
[ui-themez.smartinnovates.net/items/geekfolio/dark/project-details1.html]
[ui-themez.smartinnovates.net/items/geekfolio/dark/assets/imgs/works/projects/2/2.jpg]
[ui-themez.smartinnovates.net/items/geekfolio/dark/assets/imgs/works/projects/2/3.jpg]
[ui-themez.smartinnovates.net/items/geekfolio/dark/assets/imgs/works/projects/2/4.jpg]
[ui-themez.smartinnovates.net/items/geekfolio/dark/assets/imgs/works/projects/2/5.jpg]
[ui-themez.smartinnovates.net/items/geekfolio/dark/assets/imgs/works/projects/2/6.jpg]
[ui-themez.smartinnovates.net/items/geekfolio/dark/project-details2.html]
[ui-themez.smartinnovates.net/items/geekfolio/dark/assets/imgs/blog/h5.jpg]
[ui-themez.smartinnovates.net/items/geekfolio/dark/assets/imgs/blog/h6.jpg]
[ui-themez.smartinnovates.net/items/geekfolio/dark/blog-classic.html]
[ui-themez.smartinnovates.net/items/geekfolio/dark/blog-list.html]
[ui-themez.smartinnovates.net/items/geekfolio/dark/blog-half-img.html]
[ui-themez.smartinnovates.net/items/geekfolio/dark/blog-details.html]
[ui-themez.smartinnovates.net/items/geekfolio/dark/assets/imgs/shop/1.jpg]
[ui-themez.smartinnovates.net/items/geekfolio/dark/assets/imgs/shop/3.jpg]
[ui-themez.smartinnovates.net/items/geekfolio/dark/assets/imgs/shop/5.jpg]
[ui-themez.smartinnovates.net/items/geekfolio/dark/assets/imgs/shop/4.jpg]
[ui-themez.smartinnovates.net/items/geekfolio/dark/assets/imgs/shop/8.jpg]
[ui-themez.smartinnovates.net/items/geekfolio/dark/assets/imgs/shop/2.jpg]
[ui-themez.smartinnovates.net/items/geekfolio/dark/assets/imgs/shop/6.jpg]
[ui-themez.smartinnovates.net/items/geekfolio/dark/assets/imgs/shop/7.jpg]
[ui-themez.smartinnovates.net/items/geekfolio/dark/assets/imgs/shop/9.jpg]
[ui-themez.smartinnovates.net/items/geekfolio/dark/shop-list.html]
[ui-themez.smartinnovates.net/items/geekfolio/dark/shop-product.html]
[ui-themez.smartinnovates.net/items/geekfolio/dark/shop-cart.html]
[ui-themez.smartinnovates.net/items/geekfolio/dark/shop-checkout.html]
[ui-themez.smartinnovates.net/items/geekfolio/dark/portfolio-grid.html]
[ui-themez.smartinnovates.net/items/geekfolio/dark/assets/imgs/patterns/bg-lines-1.svg]
[ui-themez.smartinnovates.net/items/geekfolio/dark/assets/css/plugins/bootstrap.min.css]
[ui-themez.smartinnovates.net/items/geekfolio/dark/assets/css/plugins/animate.min.css]
[ui-themez.smartinnovates.net/items/geekfolio/dark/assets/js/price-range.js]
[ui-themez.smartinnovates.net/items/geekfolio/dark/assets/fonts/ionicons28b5.eot]
[ui-themez.smartinnovates.net/items/geekfolio/dark/assets/fonts/ionicons28b5.ttf]
[ui-themez.smartinnovates.net/items/geekfolio/dark/assets/fonts/ionicons28b5.woff]
[ui-themez.smartinnovates.net/items/geekfolio/dark/assets/fonts/ionicons28b5.svg]
[ui-themez.smartinnovates.net/items/geekfolio/dark/assets/css/plugins/ionicons.min.css]
[ui-themez.smartinnovates.net/items/geekfolio/dark/assets/fonts/Pe-icon-7-strokebb1d.eot]
[ui-themez.smartinnovates.net/items/geekfolio/dark/assets/fonts/Pe-icon-7-stroked41d.eot]
[ui-themez.smartinnovates.net/items/geekfolio/dark/assets/fonts/Pe-icon-7-strokebb1d.woff]
[ui-themez.smartinnovates.net/items/geekfolio/dark/assets/fonts/Pe-icon-7-strokebb1d.ttf]
[ui-themez.smartinnovates.net/items/geekfolio/dark/assets/fonts/Pe-icon-7-strokebb1d.svg]
[ui-themez.smartinnovates.net/items/geekfolio/dark/assets/css/plugins/pe-icon-7-stroke.css]
[ui-themez.smartinnovates.net/items/geekfolio/dark/assets/fonts/fa-brands-400.eot]
[ui-themez.smartinnovates.net/items/geekfolio/dark/assets/fonts/fa-brands-400d41d.eot]
[ui-themez.smartinnovates.net/items/geekfolio/dark/assets/fonts/fa-brands-400.woff2]
[ui-themez.smartinnovates.net/items/geekfolio/dark/assets/fonts/fa-brands-400.woff]
[ui-themez.smartinnovates.net/items/geekfolio/dark/assets/fonts/fa-brands-400.ttf]
[ui-themez.smartinnovates.net/items/geekfolio/dark/assets/fonts/fa-brands-400.svg]
[ui-themez.smartinnovates.net/items/geekfolio/dark/assets/fonts/fa-regular-400.eot]
[ui-themez.smartinnovates.net/items/geekfolio/dark/assets/fonts/fa-regular-400d41d.eot]
[ui-themez.smartinnovates.net/items/geekfolio/dark/assets/fonts/fa-regular-400.woff2]
[ui-themez.smartinnovates.net/items/geekfolio/dark/assets/fonts/fa-regular-400.woff]
[ui-themez.smartinnovates.net/items/geekfolio/dark/assets/fonts/fa-regular-400.ttf]
[ui-themez.smartinnovates.net/items/geekfolio/dark/assets/fonts/fa-regular-400.svg]
[ui-themez.smartinnovates.net/items/geekfolio/dark/assets/fonts/fa-solid-900.eot]
[ui-themez.smartinnovates.net/items/geekfolio/dark/assets/fonts/fa-solid-900.woff2]
[ui-themez.smartinnovates.net/items/geekfolio/dark/assets/fonts/fa-solid-900d41d.eot]
[ui-themez.smartinnovates.net/items/geekfolio/dark/assets/fonts/fa-solid-900.woff]
[ui-themez.smartinnovates.net/items/geekfolio/dark/assets/fonts/fa-solid-900.ttf]
[ui-themez.smartinnovates.net/items/geekfolio/dark/assets/fonts/fa-solid-900.svg]
[ui-themez.smartinnovates.net/items/geekfolio/dark/assets/css/plugins/fontawesome-all.min.css]
[ui-themez.smartinnovates.net/items/geekfolio/dark/assets/css/plugins/justifiedGallery.min.css]
[ui-themez.smartinnovates.net/items/geekfolio/dark/assets/css/plugins/magnific-popup.css]
[ui-themez.smartinnovates.net/items/geekfolio/dark/assets/css/images/close.png]
[ui-themez.smartinnovates.net/items/geekfolio/dark/assets/css/plugins/YouTubePopUp.css]
[ui-themez.smartinnovates.net/items/geekfolio/dark/assets/css/plugins/slick.css]
[ui-themez.smartinnovates.net/items/geekfolio/dark/assets/css/plugins/slick-theme.css]
[ui-themez.smartinnovates.net/items/geekfolio/dark/assets/css/plugins/swiper.min.css]
[ui-themez.smartinnovates.net/items/geekfolio/dark/assets/imgs/patterns/1.svg]
[ui-themez.smartinnovates.net/items/geekfolio/dark/portfolio-classic-grid.html]
[ui-themez.smartinnovates.net/items/geekfolio/dark/assets/imgs/svg-assets/circle-star.svg]
[ui-themez.smartinnovates.net/items/geekfolio/dark/blog-post.html]
[ui-themez.smartinnovates.net/items/geekfolio/dark/assets/imgs/svg-assets/claw.svg]
[ui-themez.smartinnovates.net/items/geekfolio/dark/assets/imgs/svg-assets/arrow-right-top.svg]
[ui-themez.smartinnovates.net/items/geekfolio/dark/assets/imgs/serv-icons/01-dark.svg]
[ui-themez.smartinnovates.net/items/geekfolio/dark/assets/imgs/serv-icons/02-dark.svg]
[ui-themez.smartinnovates.net/items/geekfolio/dark/assets/imgs/serv-icons/03-dark.svg]
[ui-themez.smartinnovates.net/items/geekfolio/dark/assets/imgs/serv-icons/04-dark.svg]
[ui-themez.smartinnovates.net/items/geekfolio/dark/assets/imgs/patterns/pattern.svg]
[ui-themez.smartinnovates.net/items/geekfolio/dark/showcase/assets/css/showcases.css]
[ui-themez.smartinnovates.net/items/geekfolio/dark/assets/fonts/ionicons28b5.html]
[ui-themez.smartinnovates.net/items/geekfolio/dark/assets/fonts/Pe-icon-7-strokebb1d.html]
[ui-themez.smartinnovates.net/items/geekfolio/dark/assets/fonts/fa-brands-400.html]
[ui-themez.smartinnovates.net/items/geekfolio/dark/assets/fonts/fa-regular-400.html]
[ui-themez.smartinnovates.net/items/geekfolio/dark/assets/fonts/fa-solid-900.html]
[ui-themez.smartinnovates.net/items/geekfolio/dark/assets/css/images/close.html]
[ui-themez.smartinnovates.net/items/geekfolio/dark/assets/imgs/brands/01.png]
[ui-themez.smartinnovates.net/items/geekfolio/dark/assets/imgs/sass-img/blog/1.jpg]
[ui-themez.smartinnovates.net/items/geekfolio/dark/assets/imgs/portfolio/2/3.jpg]
